
> corretor-de-imoveis@0.1.0 build
> next build

node.exe :  ⚠ Warning: Next.js inferred your workspace root, but it may not be correct.
No linha:1 caractere:1
+ & "C:\Program Files\nodejs/node.exe" "C:\Program Files\nodejs/node_mo ...
+ ~~~~~~~~~~~~~~~~~~~~~~~~~~~~~~~~~~~~~~~~~~~~~~~~~~~~~~~~~~~~~~~~~~~~~
    + CategoryInfo          : NotSpecified: ( ⚠ Warning: Nex...not be correct.:String) [], Remo 
   teException
    + FullyQualifiedErrorId : NativeCommandError
 
 We detected multiple lockfiles and selected the directory of 
C:\Users\ECRITORIO\package-lock.json as the root directory.
 To silence this warning, set `outputFileTracingRoot` in your Next.js config, or consider 
removing one of the lockfiles if it's not needed.
   See https://nextjs.org/docs/app/api-reference/config/next-config-js/output#caveats for more 
information.
 Detected additional lockfiles: 
   * C:\Users\ECRITORIO\Desktop\Curso.dev\corretor-imoveis\corretor-de-imoveis\package-lock.json

   ▲ Next.js 15.5.9
   - Environments: .env.local, .env

   Linting and checking validity of types ...

Failed to compile.

./pages/admin/suporte/index.tsx
97:6  Warning: React Hook useEffect has a missing dependency: 'loadData'. Either include it or 
remove the dependency array.  react-hooks/exhaustive-deps
105:14  Warning: 'error' is defined but never used.  @typescript-eslint/no-unused-vars

./pages/admin/suporte/[id].tsx
52:6  Warning: React Hook useEffect has a missing dependency: 'fetchMessages'. Either include 
it or remove the dependency array.  react-hooks/exhaustive-deps
62:6  Warning: React Hook useEffect has a missing dependency: 'fetchMessages'. Either include 
it or remove the dependency array.  react-hooks/exhaustive-deps

./pages/admin/users/index.tsx
4:18  Warning: 'MoreVertical' is defined but never used.  @typescript-eslint/no-unused-vars

./pages/api/corretor/credenciais.ts
20:13  Warning: 'emailAtual' is assigned a value but never used.  
@typescript-eslint/no-unused-vars

./pages/api/imoveis/index.ts
3:10  Warning: 'NextApiRequest' is defined but never used.  @typescript-eslint/no-unused-vars

./pages/api/imoveis/[id].ts
25:16  Warning: 'filtrarFotosValidas' is defined but never used.  
@typescript-eslint/no-unused-vars
145:20  Warning: 'e' is defined but never used.  @typescript-eslint/no-unused-vars

./pages/api/leads/[id].ts
1:10  Warning: 'NextApiRequest' is defined but never used.  @typescript-eslint/no-unused-vars

./pages/api/login.ts
5:13  Warning: 'cookie' is defined but never used.  @typescript-eslint/no-unused-vars

./pages/api/og/imovel.tsx
30:11  Warning: Using `<img>` could result in slower LCP and higher bandwidth. Consider using 
`<Image />` from `next/image` or a custom image loader to automatically optimize images. This 
may incur additional usage or cost from your provider. See: 
https://nextjs.org/docs/messages/no-img-element  @next/next/no-img-element
30:11  Warning: img elements must have an alt prop, either with meaningful text, or an empty 
string for decorative images.  jsx-a11y/alt-text

./pages/api/public/corretor/[slug]/todos.ts
4:8  Warning: 'path' is defined but never used.  @typescript-eslint/no-unused-vars
14:17  Warning: 'filtro' is assigned a value but never used.  @typescript-eslint/no-unused-vars

./pages/api/public/corretor/[slug]/vendas.ts
49:41  Error: Unexpected any. Specify a different type.  @typescript-eslint/no-explicit-any

./pages/api/public/corretor/[slug].ts
4:8  Warning: 'path' is defined but never used.  @typescript-eslint/no-unused-vars

./pages/api/public/imovel/[id].ts
31:45  Error: Unexpected any. Specify a different type.  @typescript-eslint/no-explicit-any

./pages/api/stripe/webhook.ts
156:11  Warning: 'profile' is assigned a value but never used.  
@typescript-eslint/no-unused-vars

./pages/api/users/me/imoveis.ts
19:41  Error: Unexpected any. Specify a different type.  @typescript-eslint/no-explicit-any

./pages/corretor/contratos/index.tsx
718:27  Warning: Using `<img>` could result in slower LCP and higher bandwidth. Consider using 
`<Image />` from `next/image` or a custom image loader to automatically optimize images. This 
may incur additional usage or cost from your provider. See: 
https://nextjs.org/docs/messages/no-img-element  @next/next/no-img-element

./pages/corretor/perfil.tsx
1:51  Warning: 'FormEvent' is defined but never used.  @typescript-eslint/no-unused-vars
1:76  Warning: 'useRef' is defined but never used.  @typescript-eslint/no-unused-vars
265:28  Warning: Using `<img>` could result in slower LCP and higher bandwidth. Consider using 
`<Image />` from `next/image` or a custom image loader to automatically optimize images. This 
may incur additional usage or cost from your provider. See: 
https://nextjs.org/docs/messages/no-img-element  @next/next/no-img-element
389:25  Warning: Using `<img>` could result in slower LCP and higher bandwidth. Consider using 
`<Image />` from `next/image` or a custom image loader to automatically optimize images. This 
may incur additional usage or cost from your provider. See: 
https://nextjs.org/docs/messages/no-img-element  @next/next/no-img-element
429:33  Warning: Using `<img>` could result in slower LCP and higher bandwidth. Consider using 
`<Image />` from `next/image` or a custom image loader to automatically optimize images. This 
may incur additional usage or cost from your provider. See: 
https://nextjs.org/docs/messages/no-img-element  @next/next/no-img-element
429:33  Warning: img elements must have an alt prop, either with meaningful text, or an empty 
string for decorative images.  jsx-a11y/alt-text

./pages/corretor/seguranca.tsx
14:9  Warning: 'handleAtualizar' is assigned a value but never used.  
@typescript-eslint/no-unused-vars

./pages/corretor/suporte/[id].tsx
53:6  Warning: React Hook useEffect has a missing dependency: 'fetchMessages'. Either include 
it or remove the dependency array.  react-hooks/exhaustive-deps
64:6  Warning: React Hook useEffect has a missing dependency: 'fetchMessages'. Either include 
it or remove the dependency array.  react-hooks/exhaustive-deps

./pages/corretor/visitas/index.tsx
12:3  Warning: 'MapPin' is defined but never used.  @typescript-eslint/no-unused-vars
14:3  Warning: 'Mail' is defined but never used.  @typescript-eslint/no-unused-vars

./pages/register.tsx
66:14  Warning: 'err' is defined but never used.  @typescript-eslint/no-unused-vars

./pages/[slug]/imovel/[id].tsx
171:19  Warning: Using `<img>` could result in slower LCP and higher bandwidth. Consider using 
`<Image />` from `next/image` or a custom image loader to automatically optimize images. This 
may incur additional usage or cost from your provider. See: 
https://nextjs.org/docs/messages/no-img-element  @next/next/no-img-element
197:21  Warning: Using `<img>` could result in slower LCP and higher bandwidth. Consider using 
`<Image />` from `next/image` or a custom image loader to automatically optimize images. This 
may incur additional usage or cost from your provider. See: 
https://nextjs.org/docs/messages/no-img-element  @next/next/no-img-element
447:25  Warning: Using `<img>` could result in slower LCP and higher bandwidth. Consider using 
`<Image />` from `next/image` or a custom image loader to automatically optimize images. This 
may incur additional usage or cost from your provider. See: 
https://nextjs.org/docs/messages/no-img-element  @next/next/no-img-element
494:17  Warning: Using `<img>` could result in slower LCP and higher bandwidth. Consider using 
`<Image />` from `next/image` or a custom image loader to automatically optimize images. This 
may incur additional usage or cost from your provider. See: 
https://nextjs.org/docs/messages/no-img-element  @next/next/no-img-element

./pages/[slug]/index.tsx
10:10  Warning: 'MdEmail' is defined but never used.  @typescript-eslint/no-unused-vars
219:24  Warning: Using `<img>` could result in slower LCP and higher bandwidth. Consider using 
`<Image />` from `next/image` or a custom image loader to automatically optimize images. This 
may incur additional usage or cost from your provider. See: 
https://nextjs.org/docs/messages/no-img-element  @next/next/no-img-element

./pages/[slug]/perfil.tsx
122:15  Warning: Using `<img>` could result in slower LCP and higher bandwidth. Consider using 
`<Image />` from `next/image` or a custom image loader to automatically optimize images. This 
may incur additional usage or cost from your provider. See: 
https://nextjs.org/docs/messages/no-img-element  @next/next/no-img-element

./components/CarrosselDestaques.tsx
112:19  Warning: Using `<img>` could result in slower LCP and higher bandwidth. Consider using 
`<Image />` from `next/image` or a custom image loader to automatically optimize images. This 
may incur additional usage or cost from your provider. See: 
https://nextjs.org/docs/messages/no-img-element  @next/next/no-img-element

./components/CompartilharBotao.tsx
2:29  Warning: 'FiCopy' is defined but never used.  @typescript-eslint/no-unused-vars

./components/dominio/DominioCard.tsx
3:19  Warning: 'FiCheck' is defined but never used.  @typescript-eslint/no-unused-vars
39:6  Warning: React Hook useEffect has a missing dependency: 'api'. Either include it or 
remove the dependency array.  react-hooks/exhaustive-deps

./components/Footer.tsx
28:3  Warning: 'endereco' is defined but never used.  @typescript-eslint/no-unused-vars
48:17  Warning: Using `<img>` could result in slower LCP and higher bandwidth. Consider using 
`<Image />` from `next/image` or a custom image loader to automatically optimize images. This 
may incur additional usage or cost from your provider. See: 
https://nextjs.org/docs/messages/no-img-element  @next/next/no-img-element

./components/Header.tsx
5:26  Warning: 'ChevronDown' is defined but never used.  @typescript-eslint/no-unused-vars
6:35  Warning: 'FiYoutube' is defined but never used.  @typescript-eslint/no-unused-vars
70:19  Warning: Using `<img>` could result in slower LCP and higher bandwidth. Consider using 
`<Image />` from `next/image` or a custom image loader to automatically optimize images. This 
may incur additional usage or cost from your provider. See: 
https://nextjs.org/docs/messages/no-img-element  @next/next/no-img-element

./components/HeroSlider.tsx
4:30  Warning: 'FiChevronRight' is defined but never used.  @typescript-eslint/no-unused-vars

./components/ImovelCard.tsx
2:28  Warning: 'FiMaximize2' is defined but never used.  @typescript-eslint/no-unused-vars
3:10  Warning: 'FaBed' is defined but never used.  @typescript-eslint/no-unused-vars
3:17  Warning: 'FaBath' is defined but never used.  @typescript-eslint/no-unused-vars
3:25  Warning: 'FaCar' is defined but never used.  @typescript-eslint/no-unused-vars
65:11  Warning: Using `<img>` could result in slower LCP and higher bandwidth. Consider using 
`<Image />` from `next/image` or a custom image loader to automatically optimize images. This 
may incur additional usage or cost from your provider. See: 
https://nextjs.org/docs/messages/no-img-element  @next/next/no-img-element

./components/ImovelFormulario.tsx
115:17  Warning: 'setFotos' is assigned a value but never used.  
@typescript-eslint/no-unused-vars
666:79  Error: `"` can be escaped with `&quot;`, `&ldquo;`, `&#34;`, `&rdquo;`.  
react/no-unescaped-entities
666:86  Error: `"` can be escaped with `&quot;`, `&ldquo;`, `&#34;`, `&rdquo;`.  
react/no-unescaped-entities
684:21  Warning: Using `<img>` could result in slower LCP and higher bandwidth. Consider using 
`<Image />` from `next/image` or a custom image loader to automatically optimize images. This 
may incur additional usage or cost from your provider. See: 
https://nextjs.org/docs/messages/no-img-element  @next/next/no-img-element

./components/ImovelListagemCorretor.tsx
3:28  Warning: 'RawStatus' is defined but never used.  @typescript-eslint/no-unused-vars
117:20  Warning: Using `<img>` could result in slower LCP and higher bandwidth. Consider using 
`<Image />` from `next/image` or a custom image loader to automatically optimize images. This 
may incur additional usage or cost from your provider. See: 
https://nextjs.org/docs/messages/no-img-element  @next/next/no-img-element

./components/LeadModal.tsx
54:19  Error: Unexpected any. Specify a different type.  @typescript-eslint/no-explicit-any

./components/Mapa.tsx
10:1  Error: Use "@ts-expect-error" instead of "@ts-ignore", as "@ts-ignore" will do nothing if 
the following line is error-free.  @typescript-eslint/ban-ts-comment
81:68  Error: `"` can be escaped with `&quot;`, `&ldquo;`, `&#34;`, `&rdquo;`.  
react/no-unescaped-entities
81:79  Error: `"` can be escaped with `&quot;`, `&ldquo;`, `&#34;`, `&rdquo;`.  
react/no-unescaped-entities

./components/ModalFotos.tsx
74:7  Warning: Using `<img>` could result in slower LCP and higher bandwidth. Consider using 
`<Image />` from `next/image` or a custom image loader to automatically optimize images. This 
may incur additional usage or cost from your provider. See: 
https://nextjs.org/docs/messages/no-img-element  @next/next/no-img-element

./components/VisualizarFotosModal.tsx
24:7  Warning: Using `<img>` could result in slower LCP and higher bandwidth. Consider using 
`<Image />` from `next/image` or a custom image loader to automatically optimize images. This 
may incur additional usage or cost from your provider. See: 
https://nextjs.org/docs/messages/no-img-element  @next/next/no-img-element

info  - Need to disable some ESLint rules? Learn more here: 
https://nextjs.org/docs/app/api-reference/config/eslint#disabling-rules
